{"level":50,"time":1771276786695,"pid":15188,"hostname":"Grello_Notebook","err":{"type":"PrismaClientInitializationError","message":"`PrismaClient` needs to be constructed with a non-empty, valid `PrismaClientOptions`:\n\n```\nnew PrismaClient({\n  ...\n})\n```\n\nor\n\n```\nconstructor() {\n  super({ ... });\n}\n```\n          ","stack":"PrismaClientInitializationError: `PrismaClient` needs to be constructed with a non-empty, valid `PrismaClientOptions`:\n\n```\nnew PrismaClient({\n  ...\n})\n```\n\nor\n\n```\nconstructor() {\n  super({ ... });\n}\n```\n          \n    at new t (G:\\Programacao\\sistema_viagem\\backend\\node_modules\\@prisma\\client\\src\\runtime\\getPrismaClient.ts:259:15)\n    at prismaPlugin (G:\\Programacao\\sistema_viagem\\backend\\src\\plugins\\prisma.ts:12:20)\n    at Plugin.exec (G:\\Programacao\\sistema_viagem\\backend\\node_modules\\avvio\\lib\\plugin.js:125:28)\n    at Boot._loadPlugin (G:\\Programacao\\sistema_viagem\\backend\\node_modules\\avvio\\boot.js:446:10)\n    at process.processTicksAndRejections (node:internal/process/task_queues:89:21)","clientVersion":"7.4.0","name":"PrismaClientInitializationError"},"msg":"`PrismaClient` needs to be constructed with a non-empty, valid `PrismaClientOptions`:\n\n```\nnew PrismaClient({\n  ...\n})\n```\n\nor\n\n```\nconstructor() {\n  super({ ... });\n}\n```\n          "}
